<html>
<body>
<pre>
<h1>µVision Build Log</h1>
<h2>Project:</h2>
C:\Keil\ox_game\xo_game.uvproj
Project File Date:  05/14/2023

<h2>Output:</h2>
Build target 'xo_game'
compiling xo.c...
linking...
Program Size: Code=3672 RO-data=1104 RW-data=84 ZI-data=1684  
".\xo_game.axf" - 0 Error(s), 0 Warning(s).
.
ts.c(50): error:  #169: expected a declaration
      {                            /* GPIOF4 pin interrupt */
ports.c(59): error:  #169: expected a declaration
      else if (GPIO_PORTF_MIS_R & 0x01) /* then it must be SW2 (PF0) */
ports.c(75): warning: At end of source:  #12-D: parsing restarts here after previous syntax error
ports.c: 2 warnings, 2 errors
".\xo_game.axf" - 2 Error(s), 2 Warning(s).
Target not created
 #1-D: last line of file ends without a newline
  void Timer2_Init(unsigned long period);
timers.c(42): warning:  #1-D: last line of file ends without a newline
  }
timers.c: 2 warnings, 0 errors
".\xo_game.axf" - 1 Error(s), 5 Warning(s).
Target not created
