<html>
<body>
<pre>
<h1>µVision Build Log</h1>
<h2>Project:</h2>
F:\projects\XO-Game\xo_game.uvproj
Project File Date:  05/17/2023

<h2>Output:</h2>
Build target 'xo_game'
linking...
Program Size: Code=5564 RO-data=872 RW-data=1996 ZI-data=1716  
".\xo_game.axf" - 0 Error(s), 0 Warning(s).
o_game.axf" - 0 Error(s), 0 Warning(s).
s without a newline
  }
timers.c: 1 warning, 0 errors
linking...
Program Size: Code=5456 RO-data=872 RW-data=1996 ZI-data=1716  
".\xo_game.axf" - 0 Error(s), 1 Warning(s).
